[0m12:07:44.746326 [debug] [MainThread]: Sending event: {'category': 'dbt', 'action': 'invocation', 'label': 'start', 'context': [<snowplow_tracker.self_describing_json.SelfDescribingJson object at 0x00000290F159C3B0>, <snowplow_tracker.self_describing_json.SelfDescribingJson object at 0x00000290F22FA570>, <snowplow_tracker.self_describing_json.SelfDescribingJson object at 0x00000290F266C800>]}


============================== 12:07:44.753026 | 28b40c60-a2c4-4593-988c-efa71371bc72 ==============================
[0m12:07:44.753026 [info ] [MainThread]: Running with dbt=1.12.3
[0m12:07:44.755030 [debug] [MainThread]: running dbt with arguments {'maximum_seed_size_mib': '1', 'no_print': 'None', 'version_check': 'True', 'target_path': 'None', 'static_parser': 'True', 'warn_error_options': 'WarnErrorOptionsV2(error=[], warn=[], silence=[])', 'printer_width': '80', 'write_json': 'True', 'introspect': 'True', 'log_cache_events': 'False', 'empty': 'None', 'cache_selected_only': 'False', 'fail_fast': 'False', 'debug': 'False', 'log_format': 'default', 'partial_parse': 'True', 'send_anonymous_usage_stats': 'True', 'quiet': 'False', 'warn_error': 'None', 'profiles_dir': 'C:\\Users\\Chukka Anusha\\.dbt', 'use_colors': 'True', 'hints_enabled': 'True', 'invocation_command': 'dbt init dbt_retail', 'use_experimental_parser': 'False', 'indirect_selection': 'eager', 'log_path': 'logs'}
[0m12:07:44.815111 [info ] [MainThread]: Creating dbt configuration folder at C:\Users\Chukka Anusha\.dbt
[0m12:07:44.815111 [debug] [MainThread]: Starter project path: C:\Desktop\retail-demand-forecasting\venv\Lib\site-packages\dbt\include\starter_project
[0m12:07:44.828483 [info ] [MainThread]: Setting up your profile.
[0m12:10:29.495312 [info ] [MainThread]: Profile dbt_retail written to C:\Users\Chukka Anusha\.dbt\profiles.yml using target's profile_template.yml and your supplied values.
[0m12:10:29.549009 [info ] [MainThread]: Running dbt debug to validate the project...
[0m12:10:29.551012 [info ] [MainThread]: dbt version: 1.12.3
[0m12:10:29.552066 [info ] [MainThread]: python version: 3.12.2
[0m12:10:29.554217 [info ] [MainThread]: python path: C:\Desktop\retail-demand-forecasting\venv\Scripts\python.exe
[0m12:10:29.554217 [info ] [MainThread]: os info: Windows-11-10.0.26200-SP0
[0m12:10:29.638721 [info ] [MainThread]: Using profiles dir at C:\Users\Chukka Anusha\.dbt
[0m12:10:29.638721 [info ] [MainThread]: Using profiles.yml file at C:\Users\Chukka Anusha\.dbt\profiles.yml
[0m12:10:29.638721 [info ] [MainThread]: Using dbt_project.yml file at C:\Desktop\retail-demand-forecasting\dbt_retail\dbt_project.yml
[0m12:10:29.644274 [info ] [MainThread]: adapter type: bigquery
[0m12:10:29.644274 [info ] [MainThread]: adapter version: 1.12.0
[0m12:10:29.810371 [info ] [MainThread]: Configuration:
[0m12:10:29.812909 [info ] [MainThread]:   profiles.yml file [[32mOK found and valid[0m]
[0m12:10:29.814464 [info ] [MainThread]:   dbt_project.yml file [[32mOK found and valid[0m]
[0m12:10:29.817021 [info ] [MainThread]: Required dependencies:
[0m12:10:29.820279 [debug] [MainThread]: Executing "git --help"
[0m12:10:29.984159 [debug] [MainThread]: STDOUT: "b"usage: git [-v | --version] [-h | --help] [-C <path>] [-c <name>=<value>]\n           [--exec-path[=<path>]] [--html-path] [--man-path] [--info-path]\n           [-p | --paginate | -P | --no-pager] [--no-replace-objects] [--no-lazy-fetch]\n           [--no-optional-locks] [--no-advice] [--bare] [--git-dir=<path>]\n           [--work-tree=<path>] [--namespace=<name>] [--config-env=<name>=<envvar>]\n           <command> [<args>]\n\nThese are common Git commands used in various situations:\n\nstart a working area (see also: git help tutorial)\n   clone      Clone a repository into a new directory\n   init       Create an empty Git repository or reinitialize an existing one\n\nwork on the current change (see also: git help everyday)\n   add        Add file contents to the index\n   mv         Move or rename a file, a directory, or a symlink\n   restore    Restore working tree files\n   rm         Remove files from the working tree and from the index\n\nexamine the history and state (see also: git help revisions)\n   bisect     Use binary search to find the commit that introduced a bug\n   diff       Show changes between commits, commit and working tree, etc\n   grep       Print lines matching a pattern\n   log        Show commit logs\n   show       Show various types of objects\n   status     Show the working tree status\n\ngrow, mark and tweak your common history\n   backfill   Download missing objects in a partial clone\n   branch     List, create, or delete branches\n   commit     Record changes to the repository\n   merge      Join two or more development histories together\n   rebase     Reapply commits on top of another base tip\n   reset      Reset current HEAD to the specified state\n   switch     Switch branches\n   tag        Create, list, delete or verify a tag object signed with GPG\n\ncollaborate (see also: git help workflows)\n   fetch      Download objects and refs from another repository\n   pull       Fetch from and integrate with another repository or a local branch\n   push       Update remote refs along with associated objects\n\n'git help -a' and 'git help -g' list available subcommands and some\nconcept guides. See 'git help <command>' or 'git help <concept>'\nto read about a specific subcommand or concept.\nSee 'git help git' for an overview of the system.\n""
[0m12:10:29.984159 [debug] [MainThread]: STDERR: "b''"
[0m12:10:29.984159 [info ] [MainThread]:  - git [[32mOK found[0m]

[0m12:10:29.991339 [info ] [MainThread]: Connection:
[0m12:10:29.993349 [info ] [MainThread]:   method: oauth
[0m12:10:29.993349 [info ] [MainThread]:   database: tonal-justice-507110-s6
[0m12:10:29.993349 [info ] [MainThread]:   execution_project: tonal-justice-507110-s6
[0m12:10:29.997479 [info ] [MainThread]:   schema: retail_forecasting
[0m12:10:29.999775 [info ] [MainThread]:   location: US
[0m12:10:29.999775 [info ] [MainThread]:   priority: interactive
[0m12:10:30.004217 [info ] [MainThread]:   maximum_bytes_billed: None
[0m12:10:30.007558 [info ] [MainThread]:   reservation: None
[0m12:10:30.009449 [info ] [MainThread]:   impersonate_service_account: None
[0m12:10:30.010054 [info ] [MainThread]:   job_retry_deadline_seconds: None
[0m12:10:30.011109 [info ] [MainThread]:   job_retries: 1
[0m12:10:30.012755 [info ] [MainThread]:   job_creation_timeout_seconds: None
[0m12:10:30.014260 [info ] [MainThread]:   job_execution_timeout_seconds: 300
[0m12:10:30.014260 [info ] [MainThread]:   job_link_info_level_log: False
[0m12:10:30.017571 [info ] [MainThread]:   timeout_seconds: 300
[0m12:10:30.018902 [info ] [MainThread]:   client_id: None
[0m12:10:30.022408 [info ] [MainThread]:   token_uri: None
[0m12:10:30.023578 [info ] [MainThread]:   compute_region: None
[0m12:10:30.023578 [info ] [MainThread]:   dataproc_cluster_name: None
[0m12:10:30.024776 [info ] [MainThread]:   gcs_bucket: None
[0m12:10:30.025548 [info ] [MainThread]:   dataproc_batch: None
[0m12:10:30.027272 [info ] [MainThread]: Registered adapter: bigquery=1.12.0
[0m12:10:30.448863 [debug] [MainThread]: Acquiring new bigquery connection 'debug'
[0m12:10:30.448863 [debug] [MainThread]: On debug: select 1 as id
[0m12:10:30.448863 [debug] [MainThread]: Opening a new connection, currently in state init
[0m12:10:34.492041 [debug] [MainThread]: BigQuery adapter: https://console.cloud.google.com/bigquery?project=tonal-justice-507110-s6&j=bq:US:2c28760f-361d-4799-849e-daef6091c6b3&page=queryresults
[0m12:10:35.105733 [debug] [MainThread]: SQL status: OK in 0.609 seconds
[0m12:10:35.731527 [info ] [MainThread]:   Connection test: [[32mOK connection ok[0m]

[0m12:10:35.735545 [info ] [MainThread]: [32mAll checks passed![0m
[0m12:10:35.740547 [info ] [MainThread]: Your new dbt project "dbt_retail" was created!
Initialized new project in C:\Desktop\retail-demand-forecasting\dbt_retail\dbt_retail

For more information on how to configure the profiles.yml file,
please consult the dbt documentation here:

  https://docs.getdbt.com/docs/configure-your-profile

One more thing:

Need help? Don't hesitate to reach out to us via GitHub issues or on Slack:

  https://community.getdbt.com/

Happy modeling!

[0m12:10:35.744584 [debug] [MainThread]: Command `dbt init` succeeded at 12:10:35.742578 after 171.14 seconds
[0m12:10:35.744584 [debug] [MainThread]: Connection 'debug' was properly closed.
[0m12:10:35.746590 [debug] [MainThread]: Sending event: {'category': 'dbt', 'action': 'invocation', 'label': 'end', 'context': [<snowplow_tracker.self_describing_json.SelfDescribingJson object at 0x00000290F151D370>, <snowplow_tracker.self_describing_json.SelfDescribingJson object at 0x00000290F151C320>, <snowplow_tracker.self_describing_json.SelfDescribingJson object at 0x00000290F4179280>]}
[0m12:10:35.748096 [debug] [MainThread]: Flushing usage events
[0m12:10:37.543880 [debug] [MainThread]: An error was encountered while trying to flush usage events
[0m14:17:22.666627 [debug] [MainThread]: Sending event: {'category': 'dbt', 'action': 'invocation', 'label': 'start', 'context': [<snowplow_tracker.self_describing_json.SelfDescribingJson object at 0x0000029E6085EE40>, <snowplow_tracker.self_describing_json.SelfDescribingJson object at 0x0000029E6085EF30>, <snowplow_tracker.self_describing_json.SelfDescribingJson object at 0x0000029E6085EFC0>]}


============================== 14:17:22.671188 | ebcf5099-4aab-4adc-9cea-b5e372c85187 ==============================
[0m14:17:22.671188 [info ] [MainThread]: Running with dbt=1.12.3
[0m14:17:22.671188 [debug] [MainThread]: running dbt with arguments {'version_check': 'True', 'no_print': 'None', 'maximum_seed_size_mib': '1', 'target_path': 'None', 'warn_error_options': 'WarnErrorOptionsV2(error=[], warn=[], silence=[])', 'static_parser': 'True', 'printer_width': '80', 'write_json': 'True', 'empty': 'False', 'log_cache_events': 'False', 'introspect': 'True', 'cache_selected_only': 'False', 'log_format': 'default', 'debug': 'False', 'fail_fast': 'False', 'partial_parse': 'True', 'send_anonymous_usage_stats': 'True', 'quiet': 'False', 'warn_error': 'None', 'profiles_dir': 'C:\\Users\\Chukka Anusha\\.dbt', 'indirect_selection': 'eager', 'hints_enabled': 'True', 'invocation_command': 'dbt run --select weekly_sales', 'use_experimental_parser': 'False', 'use_colors': 'True', 'log_path': 'logs'}
[0m14:17:22.673851 [error] [MainThread]: [[31mERROR[0m]: Encountered an error:
Runtime Error
  No dbt_project.yml found at expected path C:\Desktop\retail-demand-forecasting\dbt_project.yml
  Verify that each entry within packages.yml (and their transitive dependencies) contains a file named dbt_project.yml
  
[0m14:17:22.675186 [debug] [MainThread]: Command `dbt run` failed at 14:17:22.673851 after 0.20 seconds
[0m14:17:22.675186 [debug] [MainThread]: Sending event: {'category': 'dbt', 'action': 'invocation', 'label': 'end', 'context': [<snowplow_tracker.self_describing_json.SelfDescribingJson object at 0x0000029E6011E720>, <snowplow_tracker.self_describing_json.SelfDescribingJson object at 0x0000029E6085EF30>, <snowplow_tracker.self_describing_json.SelfDescribingJson object at 0x0000029E6085EE40>]}
[0m14:17:22.675990 [debug] [MainThread]: Flushing usage events
[0m14:17:24.612416 [debug] [MainThread]: An error was encountered while trying to flush usage events
